// Vitest Snapshot v1, https://vitest.dev/guide/snapshot.html

exports[`headless stream-json snapshots > replays a tool result after a large input with the automatic output default 1`] = `
[
  {
    "contextWindow": 32768,
    "effective": 4096,
    "requested": 4096,
    "step": 1,
    "type": "output/budget",
  },
  {
    "content": [
      {
        "arguments": "{"command":"printf CLI_TOOL_ROUND_TRIP","description":"Prove the CLI tool round trip."}",
        "id": "cli-smoke-call",
        "name": "bash",
        "type": "tool-call",
      },
    ],
    "type": "assistant/message",
  },
  {
    "content": [
      {
        "content": [
          {
            "text": "CLI_TOOL_ROUND_TRIP",
            "type": "text",
          },
        ],
        "isError": false,
        "toolCallId": "cli-smoke-call",
        "type": "tool-result",
      },
    ],
    "type": "tool/result",
  },
  {
    "contextWindow": 32768,
    "effective": 4096,
    "requested": 4096,
    "step": 2,
    "type": "output/budget",
  },
  {
    "content": [
      {
        "text": "CLI tool round trip complete: CLI_TOOL_ROUND_TRIP",
        "type": "text",
      },
    ],
    "type": "assistant/message",
  },
  {
    "reason": {
      "kind": "completed",
    },
    "type": "turn/end",
  },
]
`;
